
Merging program properties

Removed property 0xc0000002 to merge kernel/start.o (0x3) and kernel/kernel.o (not found)
Removed property 0xc0000002 to merge kernel/start.o (not found) and kernel/main.o (0x3)
Removed property 0xc0000002 to merge kernel/start.o (not found) and kernel/clock.o (0x3)
Removed property 0xc0000002 to merge kernel/start.o (not found) and kernel/keyboard.o (0x3)
Removed property 0xc0000002 to merge kernel/start.o (not found) and kernel/tty.o (0x3)
Removed property 0xc0000002 to merge kernel/start.o (not found) and kernel/console.o (0x3)
Removed property 0xc0000002 to merge kernel/start.o (not found) and kernel/i8259.o (0x3)
Removed property 0xc0000002 to merge kernel/start.o (not found) and kernel/global.o (0x3)
Removed property 0xc0000002 to merge kernel/start.o (not found) and kernel/protect.o (0x3)
Removed property 0xc0000002 to merge kernel/start.o (not found) and kernel/proc.o (0x3)
Removed property 0xc0000002 to merge kernel/start.o (not found) and kernel/systask.o (0x3)
Removed property 0xc0000002 to merge kernel/start.o (not found) and kernel/hd.o (0x3)
Removed property 0xc0000002 to merge kernel/start.o (not found) and lib/printf.o (0x3)
Removed property 0xc0000002 to merge kernel/start.o (not found) and lib/vsprintf.o (0x3)
Removed property 0xc0000002 to merge kernel/start.o (not found) and lib/klib.o (0x3)
Removed property 0xc0000002 to merge kernel/start.o (not found) and lib/ls.o (0x3)
Removed property 0xc0000002 to merge kernel/start.o (not found) and lib/mkdir.o (0x3)
Removed property 0xc0000002 to merge kernel/start.o (not found) and lib/misc.o (0x3)
Removed property 0xc0000002 to merge kernel/start.o (not found) and lib/open.o (0x3)
Removed property 0xc0000002 to merge kernel/start.o (not found) and lib/read.o (0x3)
Removed property 0xc0000002 to merge kernel/start.o (not found) and lib/write.o (0x3)
Removed property 0xc0000002 to merge kernel/start.o (not found) and lib/close.o (0x3)
Removed property 0xc0000002 to merge kernel/start.o (not found) and lib/unlink.o (0x3)
Removed property 0xc0000002 to merge kernel/start.o (not found) and lib/getpid.o (0x3)
Removed property 0xc0000002 to merge kernel/start.o (not found) and lib/syslog.o (0x3)
Removed property 0xc0000002 to merge kernel/start.o (not found) and lib/fork.o (0x3)
Removed property 0xc0000002 to merge kernel/start.o (not found) and lib/exit.o (0x3)
Removed property 0xc0000002 to merge kernel/start.o (not found) and lib/sleep.o (0x3)
Removed property 0xc0000002 to merge kernel/start.o (not found) and lib/wait.o (0x3)
Removed property 0xc0000002 to merge kernel/start.o (not found) and mm/main.o (0x3)
Removed property 0xc0000002 to merge kernel/start.o (not found) and mm/func.o (0x3)
Removed property 0xc0000002 to merge kernel/start.o (not found) and fs/main.o (0x3)
Removed property 0xc0000002 to merge kernel/start.o (not found) and fs/open.o (0x3)
Removed property 0xc0000002 to merge kernel/start.o (not found) and fs/misc.o (0x3)
Removed property 0xc0000002 to merge kernel/start.o (not found) and fs/read_write.o (0x3)
Removed property 0xc0000002 to merge kernel/start.o (not found) and fs/link.o (0x3)
Removed property 0xc0000002 to merge kernel/start.o (not found) and fs/disklog.o (0x3)

分配公共符号
公共符号            大小              文件

idt_ptr             0x6               kernel/global.o
inode_table         0x2000            kernel/global.o
task_stack          0x40000           kernel/global.o
mykey_pressed       0x4               kernel/global.o
k_reenter           0x4               kernel/global.o
gdt                 0x400             kernel/global.o
current_console     0x4               kernel/global.o
pcaller             0x4               kernel/global.o
tty_table           0xc6c             kernel/global.o
tss                 0x68              kernel/global.o
fs_msg              0x30              kernel/global.o
memory_size         0x4               kernel/global.o
f_desc_table        0x400             kernel/global.o
root_inode          0x4               kernel/global.o
disp_pos            0x4               kernel/global.o
mm_msg              0x30              kernel/global.o
key_pressed         0x4               kernel/global.o
gdt_ptr             0x6               kernel/global.o
idt                 0x800             kernel/global.o
super_block         0x1e0             kernel/global.o
PARTITION_ENTRY     0x10              kernel/hd.o
ticks               0x4               kernel/global.o
console_table       0x3c              kernel/global.o
irq_table           0x40              kernel/global.o
p_proc_ready        0x4               kernel/global.o
proc_table          0x283c            kernel/global.o

舍弃的输入节

 .group         0x0000000000000000        0x8 kernel/start.o
 .note.GNU-stack
                0x0000000000000000        0x0 kernel/start.o
 .note.gnu.property
                0x0000000000000000       0x1c kernel/start.o
 .group         0x0000000000000000        0x8 kernel/main.o
 .group         0x0000000000000000        0x8 kernel/main.o
 .text.__x86.get_pc_thunk.bx
                0x0000000000000000        0x4 kernel/main.o
 .note.GNU-stack
                0x0000000000000000        0x0 kernel/main.o
 .note.gnu.property
                0x0000000000000000       0x1c kernel/main.o
 .group         0x0000000000000000        0x8 kernel/clock.o
 .text.__x86.get_pc_thunk.bx
                0x0000000000000000        0x4 kernel/clock.o
 .note.GNU-stack
                0x0000000000000000        0x0 kernel/clock.o
 .note.gnu.property
                0x0000000000000000       0x1c kernel/clock.o
 .group         0x0000000000000000        0x8 kernel/keyboard.o
 .text.__x86.get_pc_thunk.bx
                0x0000000000000000        0x4 kernel/keyboard.o
 .note.GNU-stack
                0x0000000000000000        0x0 kernel/keyboard.o
 .note.gnu.property
                0x0000000000000000       0x1c kernel/keyboard.o
 .group         0x0000000000000000        0x8 kernel/tty.o
 .group         0x0000000000000000        0x8 kernel/tty.o
 .text.__x86.get_pc_thunk.ax
                0x0000000000000000        0x4 kernel/tty.o
 .text.__x86.get_pc_thunk.bx
                0x0000000000000000        0x4 kernel/tty.o
 .note.GNU-stack
                0x0000000000000000        0x0 kernel/tty.o
 .note.gnu.property
                0x0000000000000000       0x1c kernel/tty.o
 .group         0x0000000000000000        0x8 kernel/console.o
 .group         0x0000000000000000        0x8 kernel/console.o
 .group         0x0000000000000000        0x8 kernel/console.o
 .group         0x0000000000000000        0x8 kernel/console.o
 .text.__x86.get_pc_thunk.ax
                0x0000000000000000        0x4 kernel/console.o
 .text.__x86.get_pc_thunk.bx
                0x0000000000000000        0x4 kernel/console.o
 .note.GNU-stack
                0x0000000000000000        0x0 kernel/console.o
 .note.gnu.property
                0x0000000000000000       0x1c kernel/console.o
 .group         0x0000000000000000        0x8 kernel/i8259.o
 .text.__x86.get_pc_thunk.bx
                0x0000000000000000        0x4 kernel/i8259.o
 .note.GNU-stack
                0x0000000000000000        0x0 kernel/i8259.o
 .note.gnu.property
                0x0000000000000000       0x1c kernel/i8259.o
 .note.GNU-stack
                0x0000000000000000        0x0 kernel/global.o
 .note.gnu.property
                0x0000000000000000       0x1c kernel/global.o
 .group         0x0000000000000000        0x8 kernel/protect.o
 .group         0x0000000000000000        0x8 kernel/protect.o
 .text.__x86.get_pc_thunk.ax
                0x0000000000000000        0x4 kernel/protect.o
 .text.__x86.get_pc_thunk.bx
                0x0000000000000000        0x4 kernel/protect.o
 .note.GNU-stack
                0x0000000000000000        0x0 kernel/protect.o
 .note.gnu.property
                0x0000000000000000       0x1c kernel/protect.o
 .group         0x0000000000000000        0x8 kernel/proc.o
 .group         0x0000000000000000        0x8 kernel/proc.o
 .group         0x0000000000000000        0x8 kernel/proc.o
 .text.__x86.get_pc_thunk.ax
                0x0000000000000000        0x4 kernel/proc.o
 .text.__x86.get_pc_thunk.dx
                0x0000000000000000        0x4 kernel/proc.o
 .text.__x86.get_pc_thunk.bx
                0x0000000000000000        0x4 kernel/proc.o
 .note.GNU-stack
                0x0000000000000000        0x0 kernel/proc.o
 .note.gnu.property
                0x0000000000000000       0x1c kernel/proc.o
 .group         0x0000000000000000        0x8 kernel/systask.o
 .text.__x86.get_pc_thunk.bx
                0x0000000000000000        0x4 kernel/systask.o
 .note.GNU-stack
                0x0000000000000000        0x0 kernel/systask.o
 .note.gnu.property
                0x0000000000000000       0x1c kernel/systask.o
 .group         0x0000000000000000        0x8 kernel/hd.o
 .group         0x0000000000000000        0x8 kernel/hd.o
 .text.__x86.get_pc_thunk.ax
                0x0000000000000000        0x4 kernel/hd.o
 .text.__x86.get_pc_thunk.bx
                0x0000000000000000        0x4 kernel/hd.o
 .note.GNU-stack
                0x0000000000000000        0x0 kernel/hd.o
 .note.gnu.property
                0x0000000000000000       0x1c kernel/hd.o
 .group         0x0000000000000000        0x8 lib/printf.o
 .text.__x86.get_pc_thunk.bx
                0x0000000000000000        0x4 lib/printf.o
 .note.GNU-stack
                0x0000000000000000        0x0 lib/printf.o
 .note.gnu.property
                0x0000000000000000       0x1c lib/printf.o
 .group         0x0000000000000000        0x8 lib/vsprintf.o
 .group         0x0000000000000000        0x8 lib/vsprintf.o
 .text.__x86.get_pc_thunk.ax
                0x0000000000000000        0x4 lib/vsprintf.o
 .text.__x86.get_pc_thunk.bx
                0x0000000000000000        0x4 lib/vsprintf.o
 .note.GNU-stack
                0x0000000000000000        0x0 lib/vsprintf.o
 .note.gnu.property
                0x0000000000000000       0x1c lib/vsprintf.o
 .group         0x0000000000000000        0x8 lib/klib.o
 .group         0x0000000000000000        0x8 lib/klib.o
 .text.__x86.get_pc_thunk.ax
                0x0000000000000000        0x4 lib/klib.o
 .text.__x86.get_pc_thunk.bx
                0x0000000000000000        0x4 lib/klib.o
 .note.GNU-stack
                0x0000000000000000        0x0 lib/klib.o
 .note.gnu.property
                0x0000000000000000       0x1c lib/klib.o
 .group         0x0000000000000000        0x8 lib/ls.o
 .text.__x86.get_pc_thunk.bx
                0x0000000000000000        0x4 lib/ls.o
 .note.GNU-stack
                0x0000000000000000        0x0 lib/ls.o
 .note.gnu.property
                0x0000000000000000       0x1c lib/ls.o
 .group         0x0000000000000000        0x8 lib/mkdir.o
 .text.__x86.get_pc_thunk.bx
                0x0000000000000000        0x4 lib/mkdir.o
 .note.GNU-stack
                0x0000000000000000        0x0 lib/mkdir.o
 .note.gnu.property
                0x0000000000000000       0x1c lib/mkdir.o
 .group         0x0000000000000000        0x8 lib/misc.o
 .group         0x0000000000000000        0x8 lib/misc.o
 .text.__x86.get_pc_thunk.ax
                0x0000000000000000        0x4 lib/misc.o
 .text.__x86.get_pc_thunk.bx
                0x0000000000000000        0x4 lib/misc.o
 .note.GNU-stack
                0x0000000000000000        0x0 lib/misc.o
 .note.gnu.property
                0x0000000000000000       0x1c lib/misc.o
 .group         0x0000000000000000        0x8 lib/open.o
 .text.__x86.get_pc_thunk.bx
                0x0000000000000000        0x4 lib/open.o
 .note.GNU-stack
                0x0000000000000000        0x0 lib/open.o
 .note.gnu.property
                0x0000000000000000       0x1c lib/open.o
 .group         0x0000000000000000        0x8 lib/read.o
 .text.__x86.get_pc_thunk.ax
                0x0000000000000000        0x4 lib/read.o
 .note.GNU-stack
                0x0000000000000000        0x0 lib/read.o
 .note.gnu.property
                0x0000000000000000       0x1c lib/read.o
 .group         0x0000000000000000        0x8 lib/write.o
 .text.__x86.get_pc_thunk.ax
                0x0000000000000000        0x4 lib/write.o
 .note.GNU-stack
                0x0000000000000000        0x0 lib/write.o
 .note.gnu.property
                0x0000000000000000       0x1c lib/write.o
 .group         0x0000000000000000        0x8 lib/close.o
 .text.__x86.get_pc_thunk.ax
                0x0000000000000000        0x4 lib/close.o
 .note.GNU-stack
                0x0000000000000000        0x0 lib/close.o
 .note.gnu.property
                0x0000000000000000       0x1c lib/close.o
 .group         0x0000000000000000        0x8 lib/unlink.o
 .text.__x86.get_pc_thunk.bx
                0x0000000000000000        0x4 lib/unlink.o
 .note.GNU-stack
                0x0000000000000000        0x0 lib/unlink.o
 .note.gnu.property
                0x0000000000000000       0x1c lib/unlink.o
 .group         0x0000000000000000        0x8 lib/getpid.o
 .text.__x86.get_pc_thunk.bx
                0x0000000000000000        0x4 lib/getpid.o
 .note.GNU-stack
                0x0000000000000000        0x0 lib/getpid.o
 .note.gnu.property
                0x0000000000000000       0x1c lib/getpid.o
 .group         0x0000000000000000        0x8 lib/syslog.o
 .text.__x86.get_pc_thunk.bx
                0x0000000000000000        0x4 lib/syslog.o
 .note.GNU-stack
                0x0000000000000000        0x0 lib/syslog.o
 .note.gnu.property
                0x0000000000000000       0x1c lib/syslog.o
 .group         0x0000000000000000        0x8 lib/fork.o
 .text.__x86.get_pc_thunk.bx
                0x0000000000000000        0x4 lib/fork.o
 .note.GNU-stack
                0x0000000000000000        0x0 lib/fork.o
 .note.gnu.property
                0x0000000000000000       0x1c lib/fork.o
 .note.GNU-stack
                0x0000000000000000        0x0 lib/exit.o
 .note.gnu.property
                0x0000000000000000       0x1c lib/exit.o
 .note.GNU-stack
                0x0000000000000000        0x0 lib/sleep.o
 .note.gnu.property
                0x0000000000000000       0x1c lib/sleep.o
 .note.GNU-stack
                0x0000000000000000        0x0 lib/wait.o
 .note.gnu.property
                0x0000000000000000       0x1c lib/wait.o
 .group         0x0000000000000000        0x8 mm/main.o
 .group         0x0000000000000000        0x8 mm/main.o
 .text.__x86.get_pc_thunk.ax
                0x0000000000000000        0x4 mm/main.o
 .text.__x86.get_pc_thunk.bx
                0x0000000000000000        0x4 mm/main.o
 .note.GNU-stack
                0x0000000000000000        0x0 mm/main.o
 .note.gnu.property
                0x0000000000000000       0x1c mm/main.o
 .group         0x0000000000000000        0x8 mm/func.o
 .group         0x0000000000000000        0x8 mm/func.o
 .text.__x86.get_pc_thunk.ax
                0x0000000000000000        0x4 mm/func.o
 .text.__x86.get_pc_thunk.bx
                0x0000000000000000        0x4 mm/func.o
 .note.GNU-stack
                0x0000000000000000        0x0 mm/func.o
 .note.gnu.property
                0x0000000000000000       0x1c mm/func.o
 .group         0x0000000000000000        0x8 fs/main.o
 .group         0x0000000000000000        0x8 fs/main.o
 .text.__x86.get_pc_thunk.ax
                0x0000000000000000        0x4 fs/main.o
 .text.__x86.get_pc_thunk.bx
                0x0000000000000000        0x4 fs/main.o
 .note.GNU-stack
                0x0000000000000000        0x0 fs/main.o
 .note.gnu.property
                0x0000000000000000       0x1c fs/main.o
 .group         0x0000000000000000        0x8 fs/open.o
 .group         0x0000000000000000        0x8 fs/open.o
 .text.__x86.get_pc_thunk.ax
                0x0000000000000000        0x4 fs/open.o
 .text.__x86.get_pc_thunk.bx
                0x0000000000000000        0x4 fs/open.o
 .note.GNU-stack
                0x0000000000000000        0x0 fs/open.o
 .note.gnu.property
                0x0000000000000000       0x1c fs/open.o
 .group         0x0000000000000000        0x8 fs/misc.o
 .text.__x86.get_pc_thunk.bx
                0x0000000000000000        0x4 fs/misc.o
 .note.GNU-stack
                0x0000000000000000        0x0 fs/misc.o
 .note.gnu.property
                0x0000000000000000       0x1c fs/misc.o
 .group         0x0000000000000000        0x8 fs/read_write.o
 .text.__x86.get_pc_thunk.bx
                0x0000000000000000        0x4 fs/read_write.o
 .note.GNU-stack
                0x0000000000000000        0x0 fs/read_write.o
 .note.gnu.property
                0x0000000000000000       0x1c fs/read_write.o
 .group         0x0000000000000000        0x8 fs/link.o
 .group         0x0000000000000000        0x8 fs/link.o
 .text.__x86.get_pc_thunk.ax
                0x0000000000000000        0x4 fs/link.o
 .text.__x86.get_pc_thunk.bx
                0x0000000000000000        0x4 fs/link.o
 .note.GNU-stack
                0x0000000000000000        0x0 fs/link.o
 .note.gnu.property
                0x0000000000000000       0x1c fs/link.o
 .group         0x0000000000000000        0x8 fs/disklog.o
 .text.__x86.get_pc_thunk.bx
                0x0000000000000000        0x4 fs/disklog.o
 .note.GNU-stack
                0x0000000000000000        0x0 fs/disklog.o
 .note.gnu.property
                0x0000000000000000       0x1c fs/disklog.o

内存配置

名称           来源             长度             属性
*default*        0x0000000000000000 0xffffffffffffffff

链结器命令稿和内存映射

段 .text 的地址设置为 0x1000
LOAD kernel/kernel.o
LOAD lib/syscall.o
LOAD kernel/start.o
LOAD kernel/main.o
LOAD kernel/clock.o
LOAD kernel/keyboard.o
LOAD kernel/tty.o
LOAD kernel/console.o
LOAD kernel/i8259.o
LOAD kernel/global.o
LOAD kernel/protect.o
LOAD kernel/proc.o
LOAD kernel/systask.o
LOAD kernel/hd.o
LOAD lib/printf.o
LOAD lib/vsprintf.o
LOAD lib/kliba.o
LOAD lib/klib.o
LOAD lib/string.o
LOAD lib/ls.o
LOAD lib/mkdir.o
LOAD lib/misc.o
LOAD lib/open.o
LOAD lib/read.o
LOAD lib/write.o
LOAD lib/close.o
LOAD lib/unlink.o
LOAD lib/getpid.o
LOAD lib/syslog.o
LOAD lib/fork.o
LOAD lib/exit.o
LOAD lib/sleep.o
LOAD lib/wait.o
LOAD mm/main.o
LOAD mm/func.o
LOAD fs/main.o
LOAD fs/open.o
LOAD fs/misc.o
LOAD fs/read_write.o
LOAD fs/link.o
LOAD fs/disklog.o
                [!provide]                        PROVIDE (__executable_start = SEGMENT_START ("text-segment", 0x8048000))
                0x00000000080480d4                . = (SEGMENT_START ("text-segment", 0x8048000) + SIZEOF_HEADERS)

.interp
 *(.interp)

.note.gnu.build-id
 *(.note.gnu.build-id)

.hash
 *(.hash)

.gnu.hash
 *(.gnu.hash)

.dynsym
 *(.dynsym)

.dynstr
 *(.dynstr)

.gnu.version
 *(.gnu.version)

.gnu.version_d
 *(.gnu.version_d)

.gnu.version_r
 *(.gnu.version_r)

.rel.dyn        0x00000000080480d4        0x0
 *(.rel.init)
 *(.rel.text .rel.text.* .rel.gnu.linkonce.t.*)
 .rel.text      0x00000000080480d4        0x0 kernel/kernel.o
 *(.rel.fini)
 *(.rel.rodata .rel.rodata.* .rel.gnu.linkonce.r.*)
 *(.rel.data.rel.ro .rel.data.rel.ro.* .rel.gnu.linkonce.d.rel.ro.*)
 *(.rel.data .rel.data.* .rel.gnu.linkonce.d.*)
 *(.rel.tdata .rel.tdata.* .rel.gnu.linkonce.td.*)
 *(.rel.tbss .rel.tbss.* .rel.gnu.linkonce.tb.*)
 *(.rel.ctors)
 *(.rel.dtors)
 *(.rel.got)
 .rel.got       0x00000000080480d4        0x0 kernel/kernel.o
 *(.rel.bss .rel.bss.* .rel.gnu.linkonce.b.*)
 *(.rel.ifunc)

.rel.plt        0x00000000080480d4        0x0
 *(.rel.plt)
                [!provide]                        PROVIDE (__rel_iplt_start = .)
 *(.rel.iplt)
 .rel.iplt      0x00000000080480d4        0x0 kernel/kernel.o
                [!provide]                        PROVIDE (__rel_iplt_end = .)
                0x0000000008049000                . = ALIGN (CONSTANT (MAXPAGESIZE))

.init
 *(SORT_NONE(.init))

.plt            0x0000000008049000        0x0
 *(.plt)
 *(.iplt)
 .iplt          0x0000000008049000        0x0 kernel/kernel.o

.plt.got
 *(.plt.got)

.plt.sec
 *(.plt.sec)

.text           0x0000000000001000     0xc529
 *(.text.unlikely .text.*_unlikely .text.unlikely.*)
 *(.text.exit .text.exit.*)
 *(.text.startup .text.startup.*)
 *(.text.hot .text.hot.*)
 *(SORT_BY_NAME(.text.sorted.*))
 *(.text .stub .text.* .gnu.linkonce.t.*)
 .text          0x0000000000001000      0x410 kernel/kernel.o
                0x0000000000001000                _start
                0x0000000000001040                hwint00
                0x0000000000001070                hwint01
                0x00000000000010a0                hwint02
                0x00000000000010d0                hwint03
                0x0000000000001100                hwint04
                0x0000000000001130                hwint05
                0x0000000000001160                hwint06
                0x0000000000001190                hwint07
                0x00000000000011c0                hwint08
                0x00000000000011f0                hwint09
                0x0000000000001220                hwint10
                0x0000000000001250                hwint11
                0x0000000000001280                hwint12
                0x00000000000012b0                hwint13
                0x00000000000012e0                hwint14
                0x0000000000001310                hwint15
                0x0000000000001334                divide_error
                0x000000000000133a                single_step_exception
                0x0000000000001340                nmi
                0x0000000000001346                breakpoint_exception
                0x000000000000134c                overflow
                0x0000000000001352                bounds_check
                0x0000000000001358                inval_opcode
                0x000000000000135e                copr_not_available
                0x0000000000001364                double_fault
                0x0000000000001368                copr_seg_overrun
                0x000000000000136e                inval_tss
                0x0000000000001372                segment_not_present
                0x0000000000001376                stack_exception
                0x000000000000137a                general_protection
                0x000000000000137e                page_fault
                0x0000000000001382                copr_error
                0x00000000000013cb                sys_call
                0x00000000000013eb                restart
 .text          0x0000000000001410       0x28 lib/syscall.o
                0x0000000000001410                sendrec
                0x000000000000142a                printx
 .text          0x0000000000001438       0xc7 kernel/start.o
                0x0000000000001438                cstart
 .text.__x86.get_pc_thunk.bx
                0x00000000000014ff        0x4 kernel/start.o
                0x00000000000014ff                __x86.get_pc_thunk.bx
 .text          0x0000000000001503      0x5f3 kernel/main.o
                0x0000000000001503                kernel_main
                0x000000000000185a                get_ticks
                0x00000000000018a1                TestA
                0x0000000000001a3a                TestB
                0x0000000000001a69                TestC
                0x0000000000001a98                panic
 .text.__x86.get_pc_thunk.ax
                0x0000000000001af6        0x4 kernel/main.o
                0x0000000000001af6                __x86.get_pc_thunk.ax
 .text          0x0000000000001afa      0x154 kernel/clock.o
                0x0000000000001afa                clock_handler
                0x0000000000001ba2                milli_delay
                0x0000000000001be1                init_clock
 .text          0x0000000000001c4e      0x7c8 kernel/keyboard.o
                0x0000000000001c4e                keyboard_handler
                0x0000000000001ce3                init_keyboard
                0x0000000000001db1                keyboard_read
 .text          0x0000000000002416      0xaf0 kernel/tty.o
                0x0000000000002416                task_tty
                0x000000000000260c                in_process
                0x0000000000002ba2                sys_printx
                0x0000000000002d70                dump_tty_buf
 .text          0x0000000000002f06      0xad3 kernel/console.o
                0x0000000000002f06                init_screen
                0x0000000000003048                print_char
                0x000000000000319c                out_char
                0x00000000000034af                clear_screen
                0x000000000000352b                is_current_console
                0x0000000000003562                set_cursor
                0x00000000000035dd                set_video_start_addr
                0x0000000000003658                select_console
                0x0000000000003686                scroll_screen
                0x0000000000003885                flush
 .text.__x86.get_pc_thunk.dx
                0x00000000000039d9        0x4 kernel/console.o
                0x00000000000039d9                __x86.get_pc_thunk.dx
 .text.__x86.get_pc_thunk.cx
                0x00000000000039dd        0x4 kernel/console.o
                0x00000000000039dd                __x86.get_pc_thunk.cx
 .text          0x00000000000039e1      0x174 kernel/i8259.o
                0x00000000000039e1                init_8259A
                0x0000000000003ace                spurious_irq
                0x0000000000003b1c                put_irq_handler
 .text          0x0000000000003b55        0x0 kernel/global.o
 .text          0x0000000000003b55      0x72a kernel/protect.o
                0x0000000000003b55                init_prot
                0x0000000000004049                seg2phys
                0x00000000000040a9                init_descriptor
                0x0000000000004124                exception_handler
 .text          0x000000000000427f     0x1957 kernel/proc.o
                0x000000000000427f                new_getpid
                0x000000000000429d                schedule
                0x0000000000004356                sys_sendrec
                0x00000000000044a3                ldt_seg_linear
                0x00000000000044fb                va2la
                0x0000000000004578                reset_msg
                0x000000000000557b                inform_int
                0x000000000000572c                dump_proc
                0x0000000000005aa1                dump_msg
 .text          0x0000000000005bd6       0x9a kernel/systask.o
                0x0000000000005bd6                task_sys
 .text          0x0000000000005c70      0xfdb kernel/hd.o
                0x0000000000005c70                task_hd
                0x0000000000006c0c                hd_handler
 .text          0x0000000000006c4b      0x187 lib/printf.o
                0x0000000000006c4b                printf
                0x0000000000006ccf                printi
                0x0000000000006d7d                printl
 .text          0x0000000000006dd2      0x340 lib/vsprintf.o
                0x0000000000006e46                vsprintf
                0x00000000000070de                sprintf
 *fill*         0x0000000000007112        0xe 
 .text          0x0000000000007120      0x1b7 lib/kliba.o
                0x0000000000007120                mydraw
                0x0000000000007127                io_out8
                0x0000000000007131                io_load_eflags
                0x0000000000007134                io_store_eflags
                0x000000000000713b                io_cli
                0x000000000000713d                disp_str
                0x000000000000717b                disp_color_str
                0x00000000000071ba                out_byte
                0x00000000000071c6                in_byte
                0x00000000000071d0                port_read
                0x00000000000071e3                port_write
                0x00000000000071f6                disable_irq
                0x000000000000722b                enable_irq
                0x000000000000724a                disable_int
                0x000000000000724c                enable_int
                0x000000000000724e                glitter
 .text          0x00000000000072d7      0x3a7 lib/klib.o
                0x00000000000072d7                get_boot_params
                0x0000000000007342                get_kernel_map
                0x000000000000746d                itoa
                0x0000000000007526                atoi
                0x00000000000075ee                disp_int
                0x0000000000007628                delay
 *fill*         0x000000000000767e        0x2 
 .text          0x0000000000007680       0x9f lib/string.o
                0x0000000000007680                memcpy
                0x00000000000076a9                memset
                0x00000000000076ca                strcpy
                0x00000000000076e2                asm_strcat
                0x0000000000007709                strlen
 .text          0x000000000000771f       0x56 lib/ls.o
                0x000000000000771f                ls
 .text          0x0000000000007775       0x56 lib/mkdir.o
                0x0000000000007775                mkdir
 .text          0x00000000000077cb      0x2c0 lib/misc.o
                0x00000000000077cb                memcmp
                0x000000000000784b                strcmp
                0x00000000000078c8                strcat
                0x0000000000007935                spin
                0x0000000000007963                assertion_failure
                0x00000000000079b3                send_recv
 .text          0x0000000000007a8b       0x7c lib/open.o
                0x0000000000007a8b                open
 .text          0x0000000000007b07       0x4b lib/read.o
                0x0000000000007b07                read
 .text          0x0000000000007b52       0x4b lib/write.o
                0x0000000000007b52                write
 .text          0x0000000000007b9d       0x3f lib/close.o
                0x0000000000007b9d                close
 .text          0x0000000000007bdc       0x4f lib/unlink.o
                0x0000000000007bdc                unlink
 .text          0x0000000000007c2b       0x5f lib/getpid.o
                0x0000000000007c2b                getpid
 .text          0x0000000000007c8a       0xec lib/syslog.o
                0x0000000000007c8a                syslog
 .text          0x0000000000007d76       0x85 lib/fork.o
                0x0000000000007d76                fork
 .text          0x0000000000007dfb        0x0 lib/exit.o
 .text          0x0000000000007dfb        0x0 lib/sleep.o
 .text          0x0000000000007dfb        0x0 lib/wait.o
 .text          0x0000000000007dfb      0x1fe mm/main.o
                0x0000000000007e5a                task_mm
                0x0000000000007f6b                alloc_mem
                0x0000000000007fe1                free_mem
 .text          0x0000000000007ff9      0x5aa mm/func.o
                0x0000000000007ff9                mm_fork
                0x0000000000008567                mm_exit
                0x000000000000858f                mm_wait
 .text          0x00000000000085a3     0x10d6 fs/main.o
                0x00000000000085a3                task_fs
                0x00000000000090c8                rw_sector
                0x0000000000009325                get_super_block
                0x000000000000938b                get_inode
                0x000000000000951d                put_inode
                0x0000000000009540                sync_inode
 .text          0x0000000000009679      0xf06 fs/open.o
                0x0000000000009679                do_open
                0x0000000000009b57                do_close
                0x0000000000009bd3                do_lseek
                0x000000000000a216                do_ls
                0x000000000000a45b                do_mkdir
 .text          0x000000000000a57f      0x37a fs/misc.o
                0x000000000000a57f                search_file
                0x000000000000a6ec                strip_path
 .text          0x000000000000a8f9      0x552 fs/read_write.o
                0x000000000000a8f9                do_rdwt
 .text          0x000000000000ae4b     0x10c0 fs/link.o
                0x000000000000ae4b                convert_to_absolute2
                0x000000000000aef1                do_unlink
                0x000000000000b755                do_unlink2
 .text          0x000000000000bf0b     0x161e fs/disklog.o
                0x000000000000bf0b                do_disklog
                0x000000000000bfc9                disklog
                0x000000000000c508                dump_fd_graph
 *(.gnu.warning)

.fini
 *(SORT_NONE(.fini))
                [!provide]                        PROVIDE (__etext = .)
                [!provide]                        PROVIDE (_etext = .)
                [!provide]                        PROVIDE (etext = .)
                0x000000000000e000                . = ALIGN (CONSTANT (MAXPAGESIZE))
                0x000000000000e000                . = SEGMENT_START ("rodata-segment", (ALIGN (CONSTANT (MAXPAGESIZE)) + (. & (CONSTANT (MAXPAGESIZE) - 0x1))))

.rodata         0x000000000000e000     0x1fc3
 *(.rodata .rodata.* .gnu.linkonce.r.*)
 .rodata        0x000000000000e000       0x47 kernel/start.o
 .rodata        0x000000000000e047       0x6e kernel/main.o
 *fill*         0x000000000000e0b5        0x3 
 .rodata        0x000000000000e0b8       0x64 kernel/keyboard.o
 .rodata        0x000000000000e11c      0x13c kernel/tty.o
 .rodata        0x000000000000e258       0x5b kernel/console.o
 .rodata        0x000000000000e2b3       0x11 kernel/i8259.o
 .rodata        0x000000000000e2c4        0x4 kernel/global.o
                0x000000000000e2c4                FSBUF_SIZE
 *fill*         0x000000000000e2c8       0x18 
 .rodata        0x000000000000e2e0      0x580 kernel/protect.o
 .rodata        0x000000000000e860      0x5da kernel/proc.o
 .rodata        0x000000000000ee3a       0x17 kernel/systask.o
 *fill*         0x000000000000ee51        0x3 
 .rodata        0x000000000000ee54      0x1a6 kernel/hd.o
 .rodata        0x000000000000effa       0x16 lib/printf.o
 .rodata        0x000000000000f010       0x35 lib/klib.o
 *fill*         0x000000000000f045        0x3 
 .rodata        0x000000000000f048       0xae lib/misc.o
 .rodata        0x000000000000f0f6       0x23 lib/open.o
 .rodata        0x000000000000f119       0x25 lib/getpid.o
 .rodata        0x000000000000f13e       0x32 lib/syslog.o
 .rodata        0x000000000000f170       0x33 lib/fork.o
 *fill*         0x000000000000f1a3        0x1 
 .rodata        0x000000000000f1a4       0x8d mm/main.o
 *fill*         0x000000000000f231        0x3 
 .rodata        0x000000000000f234      0x179 mm/func.o
 *fill*         0x000000000000f3ad        0x3 
 .rodata        0x000000000000f3b0      0x218 fs/main.o
 .rodata        0x000000000000f5c8      0x19b fs/open.o
 *fill*         0x000000000000f763        0x1 
 .rodata        0x000000000000f764      0x164 fs/read_write.o
 .rodata        0x000000000000f8c8       0xd1 fs/link.o
 *fill*         0x000000000000f999        0x3 
 .rodata        0x000000000000f99c      0x627 fs/disklog.o

.rodata1
 *(.rodata1)

.eh_frame_hdr
 *(.eh_frame_hdr)
 *(.eh_frame_entry .eh_frame_entry.*)

.eh_frame       0x000000000000ffc4     0x1490
 *(.eh_frame)
 .eh_frame      0x000000000000ffc4       0x50 kernel/start.o
 .eh_frame      0x0000000000010014       0xe0 kernel/main.o
                                        0x10c (松开之前的大小)
 .eh_frame      0x00000000000100f4       0x6c kernel/clock.o
                                         0x98 (松开之前的大小)
 .eh_frame      0x0000000000010160       0xfc kernel/keyboard.o
                                        0x128 (松开之前的大小)
 .eh_frame      0x000000000001025c      0x15c kernel/tty.o
                                        0x19c (松开之前的大小)
 .eh_frame      0x00000000000103b8      0x19c kernel/console.o
                                        0x1dc (松开之前的大小)
 .eh_frame      0x0000000000010554       0x6c kernel/i8259.o
                                         0x98 (松开之前的大小)
 .eh_frame      0x00000000000105c0       0xb8 kernel/protect.o
                                         0xf8 (松开之前的大小)
 .eh_frame      0x0000000000010678      0x208 kernel/proc.o
                                        0x25c (松开之前的大小)
 .eh_frame      0x0000000000010880       0x1c kernel/systask.o
                                         0x48 (松开之前的大小)
 .eh_frame      0x000000000001089c      0x22c kernel/hd.o
                                        0x26c (松开之前的大小)
 .eh_frame      0x0000000000010ac8       0x6c lib/printf.o
                                         0x98 (松开之前的大小)
 .eh_frame      0x0000000000010b34       0x68 lib/vsprintf.o
                                         0xa8 (松开之前的大小)
 .eh_frame      0x0000000000010b9c       0xcc lib/klib.o
                                        0x10c (松开之前的大小)
 .eh_frame      0x0000000000010c68       0x24 lib/ls.o
                                         0x50 (松开之前的大小)
 .eh_frame      0x0000000000010c8c       0x24 lib/mkdir.o
                                         0x50 (松开之前的大小)
 .eh_frame      0x0000000000010cb0       0xc4 lib/misc.o
                                        0x104 (松开之前的大小)
 .eh_frame      0x0000000000010d74       0x24 lib/open.o
                                         0x50 (松开之前的大小)
 .eh_frame      0x0000000000010d98       0x24 lib/read.o
                                         0x50 (松开之前的大小)
 .eh_frame      0x0000000000010dbc       0x24 lib/write.o
                                         0x50 (松开之前的大小)
 .eh_frame      0x0000000000010de0       0x24 lib/close.o
                                         0x50 (松开之前的大小)
 .eh_frame      0x0000000000010e04       0x24 lib/unlink.o
                                         0x50 (松开之前的大小)
 .eh_frame      0x0000000000010e28       0x24 lib/getpid.o
                                         0x50 (松开之前的大小)
 .eh_frame      0x0000000000010e4c       0x24 lib/syslog.o
                                         0x50 (松开之前的大小)
 .eh_frame      0x0000000000010e70       0x24 lib/fork.o
                                         0x50 (松开之前的大小)
 .eh_frame      0x0000000000010e94       0x84 mm/main.o
                                         0xc4 (松开之前的大小)
 .eh_frame      0x0000000000010f18       0x90 mm/func.o
                                         0xd0 (松开之前的大小)
 .eh_frame      0x0000000000010fa8      0x18c fs/main.o
                                        0x1cc (松开之前的大小)
 .eh_frame      0x0000000000011134      0x194 fs/open.o
                                        0x1d4 (松开之前的大小)
 .eh_frame      0x00000000000112c8       0x58 fs/misc.o
                                         0x84 (松开之前的大小)
 .eh_frame      0x0000000000011320       0x30 fs/read_write.o
                                         0x5c (松开之前的大小)
 .eh_frame      0x0000000000011350       0x80 fs/link.o
                                         0xc0 (松开之前的大小)
 .eh_frame      0x00000000000113d0       0x84 fs/disklog.o
                                         0xb0 (松开之前的大小)
 *(.eh_frame.*)

.gcc_except_table
 *(.gcc_except_table .gcc_except_table.*)

.gnu_extab
 *(.gnu_extab*)

.exception_ranges
 *(.exception_ranges*)
                0x0000000000013000                . = DATA_SEGMENT_ALIGN (CONSTANT (MAXPAGESIZE), CONSTANT (COMMONPAGESIZE))

.eh_frame
 *(.eh_frame)
 *(.eh_frame.*)

.gnu_extab
 *(.gnu_extab)

.gcc_except_table
 *(.gcc_except_table .gcc_except_table.*)

.exception_ranges
 *(.exception_ranges*)

.tdata          0x0000000000013000        0x0
                [!provide]                        PROVIDE (__tdata_start = .)
 *(.tdata .tdata.* .gnu.linkonce.td.*)

.tbss
 *(.tbss .tbss.* .gnu.linkonce.tb.*)
 *(.tcommon)

.preinit_array  0x0000000000013000        0x0
                [!provide]                        PROVIDE (__preinit_array_start = .)
 *(.preinit_array)
                [!provide]                        PROVIDE (__preinit_array_end = .)

.init_array     0x0000000000013000        0x0
                [!provide]                        PROVIDE (__init_array_start = .)
 *(SORT_BY_INIT_PRIORITY(.init_array.*) SORT_BY_INIT_PRIORITY(.ctors.*))
 *(.init_array EXCLUDE_FILE(*crtend?.o *crtend.o *crtbegin?.o *crtbegin.o) .ctors)
                [!provide]                        PROVIDE (__init_array_end = .)

.fini_array     0x0000000000013000        0x0
                [!provide]                        PROVIDE (__fini_array_start = .)
 *(SORT_BY_INIT_PRIORITY(.fini_array.*) SORT_BY_INIT_PRIORITY(.dtors.*))
 *(.fini_array EXCLUDE_FILE(*crtend?.o *crtend.o *crtbegin?.o *crtbegin.o) .dtors)
                [!provide]                        PROVIDE (__fini_array_end = .)

.ctors
 *crtbegin.o(.ctors)
 *crtbegin?.o(.ctors)
 *(EXCLUDE_FILE(*crtend?.o *crtend.o) .ctors)
 *(SORT_BY_NAME(.ctors.*))
 *(.ctors)

.dtors
 *crtbegin.o(.dtors)
 *crtbegin?.o(.dtors)
 *(EXCLUDE_FILE(*crtend?.o *crtend.o) .dtors)
 *(SORT_BY_NAME(.dtors.*))
 *(.dtors)

.jcr
 *(.jcr)

.data.rel.ro
 *(.data.rel.ro.local* .gnu.linkonce.d.rel.ro.local.*)
 *(.data.rel.ro .data.rel.ro.* .gnu.linkonce.d.rel.ro.*)

.dynamic
 *(.dynamic)

.got            0x0000000000013000        0x0
 *(.got)
 .got           0x0000000000013000        0x0 kernel/kernel.o
 *(.igot)
                0x0000000000013ff4                . = DATA_SEGMENT_RELRO_END (., (SIZEOF (.got.plt) >= 0xc)?0xc:0x0)

.got.plt        0x0000000000013000        0xc
 *(.got.plt)
 .got.plt       0x0000000000013000        0xc kernel/kernel.o
                0x0000000000013000                _GLOBAL_OFFSET_TABLE_
 *(.igot.plt)
 .igot.plt      0x000000000001300c        0x0 kernel/kernel.o

.data           0x0000000000013020      0xfe4
 *(.data .data.* .gnu.linkonce.d.*)
 .data          0x0000000000013020        0x2 kernel/kernel.o
 .data          0x0000000000013022        0x0 kernel/start.o
 .data          0x0000000000013022        0x0 kernel/main.o
 .data          0x0000000000013022        0x0 kernel/clock.o
 *fill*         0x0000000000013022       0x1e 
 .data          0x0000000000013040      0x600 kernel/keyboard.o
                0x0000000000013040                keymap
 .data          0x0000000000013640       0x22 kernel/tty.o
 *fill*         0x0000000000013662       0x1e 
 .data          0x0000000000013680      0x800 kernel/console.o
                0x0000000000013680                hankaku
 .data          0x0000000000013e80        0x0 kernel/i8259.o
 .data          0x0000000000013e80       0x1c kernel/global.o
                0x0000000000013e80                dd_map
                0x0000000000013e98                fsbuf
 *fill*         0x0000000000013e9c        0x4 
 .data.rel      0x0000000000013ea0      0x164 kernel/global.o
                0x0000000000013ea0                task_table
                0x0000000000013f80                user_proc_table
                0x0000000000013ff8                sys_call_table
 .data          0x0000000000014004        0x0 kernel/protect.o
 .data          0x0000000000014004        0x0 kernel/proc.o
 .data          0x0000000000014004        0x0 kernel/systask.o
 .data          0x0000000000014004        0x0 kernel/hd.o
 .data          0x0000000000014004        0x0 lib/printf.o
 .data          0x0000000000014004        0x0 lib/vsprintf.o
 .data          0x0000000000014004        0x0 lib/klib.o
 .data          0x0000000000014004        0x0 lib/ls.o
 .data          0x0000000000014004        0x0 lib/mkdir.o
 .data          0x0000000000014004        0x0 lib/misc.o
 .data          0x0000000000014004        0x0 lib/open.o
 .data          0x0000000000014004        0x0 lib/read.o
 .data          0x0000000000014004        0x0 lib/write.o
 .data          0x0000000000014004        0x0 lib/close.o
 .data          0x0000000000014004        0x0 lib/unlink.o
 .data          0x0000000000014004        0x0 lib/getpid.o
 .data          0x0000000000014004        0x0 lib/syslog.o
 .data          0x0000000000014004        0x0 lib/fork.o
 .data          0x0000000000014004        0x0 lib/exit.o
 .data          0x0000000000014004        0x0 lib/sleep.o
 .data          0x0000000000014004        0x0 lib/wait.o
 .data          0x0000000000014004        0x0 mm/main.o
 .data          0x0000000000014004        0x0 mm/func.o
 .data          0x0000000000014004        0x0 fs/main.o
 .data          0x0000000000014004        0x0 fs/open.o
 .data          0x0000000000014004        0x0 fs/misc.o
 .data          0x0000000000014004        0x0 fs/read_write.o
 .data          0x0000000000014004        0x0 fs/link.o
 .data          0x0000000000014004        0x0 fs/disklog.o

.data1
 *(.data1)
                0x0000000000014004                _edata = .
                [!provide]                        PROVIDE (edata = .)
                0x0000000000014004                . = .
                0x0000000000014004                __bss_start = .

.bss            0x0000000000014020    0x479cc
 *(.dynbss)
 *(.bss .bss.* .gnu.linkonce.b.*)
 .bss           0x0000000000014020      0x800 kernel/kernel.o
 .bss           0x0000000000014820        0x0 kernel/start.o
 .bss           0x0000000000014820        0x0 kernel/main.o
 .bss           0x0000000000014820        0x0 kernel/clock.o
 .bss           0x0000000000014820       0x58 kernel/keyboard.o
 .bss           0x0000000000014878        0x0 kernel/tty.o
 .bss           0x0000000000014878        0x0 kernel/console.o
 .bss           0x0000000000014878        0x0 kernel/i8259.o
 .bss           0x0000000000014878        0x0 kernel/global.o
 .bss           0x0000000000014878        0x0 kernel/protect.o
 .bss           0x0000000000014878        0x0 kernel/proc.o
 .bss           0x0000000000014878        0x0 kernel/systask.o
 *fill*         0x0000000000014878        0x8 
 .bss           0x0000000000014880      0x64c kernel/hd.o
 .bss           0x0000000000014ecc        0x0 lib/printf.o
 .bss           0x0000000000014ecc        0x0 lib/vsprintf.o
 .bss           0x0000000000014ecc        0x0 lib/klib.o
 .bss           0x0000000000014ecc        0x0 lib/ls.o
 .bss           0x0000000000014ecc        0x0 lib/mkdir.o
 .bss           0x0000000000014ecc        0x0 lib/misc.o
 .bss           0x0000000000014ecc        0x0 lib/open.o
 .bss           0x0000000000014ecc        0x0 lib/read.o
 .bss           0x0000000000014ecc        0x0 lib/write.o
 .bss           0x0000000000014ecc        0x0 lib/close.o
 .bss           0x0000000000014ecc        0x0 lib/unlink.o
 .bss           0x0000000000014ecc        0x0 lib/getpid.o
 .bss           0x0000000000014ecc        0x0 lib/syslog.o
 .bss           0x0000000000014ecc        0x0 lib/fork.o
 .bss           0x0000000000014ecc        0x0 lib/exit.o
 .bss           0x0000000000014ecc        0x0 lib/sleep.o
 .bss           0x0000000000014ecc        0x0 lib/wait.o
 .bss           0x0000000000014ecc        0x0 mm/main.o
 .bss           0x0000000000014ecc        0x0 mm/func.o
 .bss           0x0000000000014ecc        0x0 fs/main.o
 .bss           0x0000000000014ecc        0x0 fs/open.o
 .bss           0x0000000000014ecc        0x0 fs/misc.o
 .bss           0x0000000000014ecc        0x0 fs/read_write.o
 .bss           0x0000000000014ecc        0x0 fs/link.o
 *fill*         0x0000000000014ecc       0x14 
 .bss           0x0000000000014ee0      0x208 fs/disklog.o
 *(COMMON)
 *fill*         0x00000000000150e8       0x18 
 COMMON         0x0000000000015100    0x468dc kernel/global.o
                0x0000000000015100                idt_ptr
                0x0000000000015120                inode_table
                0x0000000000017120                task_stack
                0x0000000000057120                mykey_pressed
                0x0000000000057124                k_reenter
                0x0000000000057140                gdt
                0x0000000000057540                current_console
                0x0000000000057544                pcaller
                0x0000000000057560                tty_table
                0x00000000000581e0                tss
                0x0000000000058260                fs_msg
                0x0000000000058290                memory_size
                0x00000000000582a0                f_desc_table
                0x00000000000586a0                root_inode
                0x00000000000586a4                disp_pos
                0x00000000000586c0                mm_msg
                0x00000000000586f0                key_pressed
                0x00000000000586f4                gdt_ptr
                0x0000000000058700                idt
                0x0000000000058f00                super_block
                0x00000000000590e0                ticks
                0x0000000000059100                console_table
                0x0000000000059140                irq_table
                0x0000000000059180                p_proc_ready
                0x00000000000591a0                proc_table
 COMMON         0x000000000005b9dc       0x10 kernel/hd.o
                0x000000000005b9dc                PARTITION_ENTRY
                0x000000000005b9ec                . = ALIGN ((. != 0x0)?0x4:0x1)
                0x000000000005b9ec                . = ALIGN (0x4)
                0x000000000005b9ec                . = SEGMENT_START ("ldata-segment", .)
                0x000000000005b9ec                . = ALIGN (0x4)
                0x000000000005b9ec                _end = .
                [!provide]                        PROVIDE (end = .)
                0x000000000005b9ec                . = DATA_SEGMENT_END (.)

.stab
 *(.stab)

.stabstr
 *(.stabstr)

.stab.excl
 *(.stab.excl)

.stab.exclstr
 *(.stab.exclstr)

.stab.index
 *(.stab.index)

.stab.indexstr
 *(.stab.indexstr)

.comment        0x0000000000000000       0x24
 *(.comment)
 .comment       0x0000000000000000       0x24 kernel/start.o
                                         0x25 (松开之前的大小)
 .comment       0x0000000000000024       0x25 kernel/main.o
 .comment       0x0000000000000024       0x25 kernel/clock.o
 .comment       0x0000000000000024       0x25 kernel/keyboard.o
 .comment       0x0000000000000024       0x25 kernel/tty.o
 .comment       0x0000000000000024       0x25 kernel/console.o
 .comment       0x0000000000000024       0x25 kernel/i8259.o
 .comment       0x0000000000000024       0x25 kernel/global.o
 .comment       0x0000000000000024       0x25 kernel/protect.o
 .comment       0x0000000000000024       0x25 kernel/proc.o
 .comment       0x0000000000000024       0x25 kernel/systask.o
 .comment       0x0000000000000024       0x25 kernel/hd.o
 .comment       0x0000000000000024       0x25 lib/printf.o
 .comment       0x0000000000000024       0x25 lib/vsprintf.o
 .comment       0x0000000000000024       0x25 lib/klib.o
 .comment       0x0000000000000024       0x25 lib/ls.o
 .comment       0x0000000000000024       0x25 lib/mkdir.o
 .comment       0x0000000000000024       0x25 lib/misc.o
 .comment       0x0000000000000024       0x25 lib/open.o
 .comment       0x0000000000000024       0x25 lib/read.o
 .comment       0x0000000000000024       0x25 lib/write.o
 .comment       0x0000000000000024       0x25 lib/close.o
 .comment       0x0000000000000024       0x25 lib/unlink.o
 .comment       0x0000000000000024       0x25 lib/getpid.o
 .comment       0x0000000000000024       0x25 lib/syslog.o
 .comment       0x0000000000000024       0x25 lib/fork.o
 .comment       0x0000000000000024       0x25 lib/exit.o
 .comment       0x0000000000000024       0x25 lib/sleep.o
 .comment       0x0000000000000024       0x25 lib/wait.o
 .comment       0x0000000000000024       0x25 mm/main.o
 .comment       0x0000000000000024       0x25 mm/func.o
 .comment       0x0000000000000024       0x25 fs/main.o
 .comment       0x0000000000000024       0x25 fs/open.o
 .comment       0x0000000000000024       0x25 fs/misc.o
 .comment       0x0000000000000024       0x25 fs/read_write.o
 .comment       0x0000000000000024       0x25 fs/link.o
 .comment       0x0000000000000024       0x25 fs/disklog.o

.gnu.build.attributes
 *(.gnu.build.attributes .gnu.build.attributes.*)

.debug
 *(.debug)

.line
 *(.line)

.debug_srcinfo
 *(.debug_srcinfo)

.debug_sfnames
 *(.debug_sfnames)

.debug_aranges
 *(.debug_aranges)

.debug_pubnames
 *(.debug_pubnames)

.debug_info
 *(.debug_info .gnu.linkonce.wi.*)

.debug_abbrev
 *(.debug_abbrev)

.debug_line
 *(.debug_line .debug_line.* .debug_line_end)

.debug_frame
 *(.debug_frame)

.debug_str
 *(.debug_str)

.debug_loc
 *(.debug_loc)

.debug_macinfo
 *(.debug_macinfo)

.debug_weaknames
 *(.debug_weaknames)

.debug_funcnames
 *(.debug_funcnames)

.debug_typenames
 *(.debug_typenames)

.debug_varnames
 *(.debug_varnames)

.debug_pubtypes
 *(.debug_pubtypes)

.debug_ranges
 *(.debug_ranges)

.debug_macro
 *(.debug_macro)

.debug_addr
 *(.debug_addr)

.gnu.attributes
 *(.gnu.attributes)

/DISCARD/
 *(.note.GNU-stack)
 *(.gnu_debuglink)
 *(.gnu.lto_*)
OUTPUT(kernel.bin elf32-i386)
